
thor@jumphost ~$ ssh natasha@ststor01
natasha@ststor01's password: 
Permission denied, please try again.
natasha@ststor01's password: 
Last failed login: Wed Nov 19 10:50:41 UTC 2025 from 172.16.238.3 on ssh:notty
There were 3 failed login attempts since the last successful login.
[natasha@ststor01 ~]$ sudo -i

We trust you have received the usual lecture from the local System
Administrator. It usually boils down to these three things:

    #1) Respect the privacy of others.
    #2) Think before you type.
    #3) With great power comes great responsibility.

[sudo] password for natasha: 
[root@ststor01 ~]# 
[root@ststor01 ~]# cd /usr/src/kodekloudrepos/games
[root@ststor01 games]# git checkout master
Switched to branch 'master'
Your branch is up to date with 'origin/master'.
[root@ststor01 games]# git checkout -b xfusioncorp_games
Switched to a new branch 'xfusioncorp_games'
[root@ststor01 games]# ls
info.txt
[root@ststor01 games]# 