thor@jumphost ~$ ssh natasha@ststor01
The authenticity of host 'ststor01 (172.16.238.15)' can't be established.
ED25519 key fingerprint is SHA256:P0M0ePY1jAvqpLbVtCSqTp95ULBxe3w+mXX+TdT+YHo.
This key is not known by any other names
Are you sure you want to continue connecting (yes/no/[fingerprint])? yes
Warning: Permanently added 'ststor01' (ED25519) to the list of known hosts.
natasha@ststor01's password: 
[natasha@ststor01 ~]$ sudo -i

We trust you have received the usual lecture from the local System
Administrator. It usually boils down to these three things:

    #1) Respect the privacy of others.
    #2) Think before you type.
    #3) With great power comes great responsibility.

[sudo] password for natasha: 
[root@ststor01 ~]# cd /usr/src/kodekloudrepos/beta
[root@ststor01 beta]# git branch
* master
[root@ststor01 beta]# git remote -v
origin  /opt/beta.git (fetch)
origin  /opt/beta.git (push)
[root@ststor01 beta]# git remote add origin /opt/xfusioncorp_beta.git
error: remote origin already exists.
[root@ststor01 beta]# git remote add dev_beta /opt/xfusioncorp_beta.git
[root@ststor01 beta]# git remote -v
dev_beta        /opt/xfusioncorp_beta.git (fetch)
dev_beta        /opt/xfusioncorp_beta.git (push)
origin  /opt/beta.git (fetch)
origin  /opt/beta.git (push)
[root@ststor01 beta]# ls
info.txt
[root@ststor01 beta]# cp /tmp/index.html .
[root@ststor01 beta]# ls
index.html  info.txt
[root@ststor01 beta]# 
[root@ststor01 beta]# git add .
[root@ststor01 beta]# git commit -m "pushing index file"
[master f8624a0] pushing index file
 1 file changed, 10 insertions(+)
 create mode 100644 index.html
[root@ststor01 beta]# git push dev_beta master
Enumerating objects: 6, done.
Counting objects: 100% (6/6), done.
Delta compression using up to 16 threads
Compressing objects: 100% (4/4), done.
Writing objects: 100% (6/6), 586 bytes | 586.00 KiB/s, done.
Total 6 (delta 0), reused 0 (delta 0), pack-reused 0 (from 0)
To /opt/xfusioncorp_beta.git
 * [new branch]      master -> master
[root@ststor01 beta]# 